// Jest Snapshot v1, https://goo.gl/fbAQLP

exports[`renders the loading screen 1`] = `<ExponentAppLoading />`;

exports[`renders the root without loading screen 1`] = `
Object {
  "children": Array [
    Object {
      "children": Array [
        Object {
          "children": Array [
            Object {
              "children": Array [
                Object {
                  "children": Array [
                    Object {
                      "children": Array [
                        Object {
                          "children": Array [
                            Object {
                              "children": Array [
                                Object {
                                  "children": Array [
                                    Object {
                                      "children": Array [
                                        Object {
                                          "children": Array [
                                            Object {
                                              "children": Array [
                                                Object {
                                                  "children": Array [
                                                    Object {
                                                      "children": Array [
                                                        "Key 0",
                                                      ],
                                                      "props": Object {
                                                        "accessible": true,
                                                        "allowFontScaling": true,
                                                        "disabled": false,
                                                        "ellipsizeMode": "tail",
                                                        "style": Object {
                                                          "fontSize": 18,
                                                          "marginBottom": 5,
                                                        },
                                                      },
                                                      "type": "Text",
                                                    },
                                                    Object {
                                                      "children": Array [
                                                        "This is item0",
                                                      ],
                                                      "props": Object {
                                                        "accessible": true,
                                                        "allowFontScaling": true,
                                                        "disabled": false,
                                                        "ellipsizeMode": "tail",
                                                        "style": Object {},
                                                      },
                                                      "type": "Text",
                                                    },
                                                  ],
                                                  "props": Object {
                                                    "style": Object {
                                                      "flex": 1,
                                                      "flexDirection": "column",
                                                      "paddingVertical": 7,
                                                    },
                                                  },
                                                  "type": "View",
                                                },
                                              ],
                                              "props": Object {
                                                "onLayout": [Function],
                                                "style": null,
                                              },
                                              "type": "View",
                                            },
                                            Object {
                                              "children": Array [
                                                Object {
                                                  "children": Array [
                                                    Object {
                                                      "children": Array [
                                                        "Key 1",
                                                      ],
                                                      "props": Object {
                                                        "accessible": true,
                                                        "allowFontScaling": true,
                                                        "disabled": false,
                                                        "ellipsizeMode": "tail",
                                                        "style": Object {
                                                          "fontSize": 18,
                                                          "marginBottom": 5,
                                                        },
                                                      },
                                                      "type": "Text",
                                                    },
                                                    Object {
                                                      "children": Array [
                                                        "This is item1",
                                                      ],
                                                      "props": Object {
                                                        "accessible": true,
                                                        "allowFontScaling": true,
                                                        "disabled": false,
                                                        "ellipsizeMode": "tail",
                                                        "style": Object {},
                                                      },
                                                      "type": "Text",
                                                    },
                                                  ],
                                                  "props": Object {
                                                    "style": Object {
                                                      "flex": 1,
                                                      "flexDirection": "column",
                                                      "paddingVertical": 7,
                                                    },
                                                  },
                                                  "type": "View",
                                                },
                                              ],
                                              "props": Object {
                                                "onLayout": [Function],
                                                "style": null,
                                              },
                                              "type": "View",
                                            },
                                            Object {
                                              "children": Array [
                                                Object {
                                                  "children": Array [
                                                    Object {
                                                      "children": Array [
                                                        "Key 2",
                                                      ],
                                                      "props": Object {
                                                        "accessible": true,
                                                        "allowFontScaling": true,
                                                        "disabled": false,
                                                        "ellipsizeMode": "tail",
                                                        "style": Object {
                                                          "fontSize": 18,
                                                          "marginBottom": 5,
                                                        },
                                                      },
                                                      "type": "Text",
                                                    },
                                                    Object {
                                                      "children": Array [
                                                        "This is item2",
                                                      ],
                                                      "props": Object {
                                                        "accessible": true,
                                                        "allowFontScaling": true,
                                                        "disabled": false,
                                                        "ellipsizeMode": "tail",
                                                        "style": Object {},
                                                      },
                                                      "type": "Text",
                                                    },
                                                  ],
                                                  "props": Object {
                                                    "style": Object {
                                                      "flex": 1,
                                                      "flexDirection": "column",
                                                      "paddingVertical": 7,
                                                    },
                                                  },
                                                  "type": "View",
                                                },
                                              ],
                                              "props": Object {
                                                "onLayout": [Function],
                                                "style": null,
                                              },
                                              "type": "View",
                                            },
                                            Object {
                                              "children": Array [
                                                Object {
                                                  "children": Array [
                                                    Object {
                                                      "children": Array [
                                                        "Key 3",
                                                      ],
                                                      "props": Object {
                                                        "accessible": true,
                                                        "allowFontScaling": true,
                                                        "disabled": false,
                                                        "ellipsizeMode": "tail",
                                                        "style": Object {
                                                          "fontSize": 18,
                                                          "marginBottom": 5,
                                                        },
                                                      },
                                                      "type": "Text",
                                                    },
                                                    Object {
                                                      "children": Array [
                                                        "This is item3",
                                                      ],
                                                      "props": Object {
                                                        "accessible": true,
                                                        "allowFontScaling": true,
                                                        "disabled": false,
                                                        "ellipsizeMode": "tail",
                                                        "style": Object {},
                                                      },
                                                      "type": "Text",
                                                    },
                                                  ],
                                                  "props": Object {
                                                    "style": Object {
                                                      "flex": 1,
                                                      "flexDirection": "column",
                                                      "paddingVertical": 7,
                                                    },
                                                  },
                                                  "type": "View",
                                                },
                                              ],
                                              "props": Object {
                                                "onLayout": [Function],
                                                "style": null,
                                              },
                                              "type": "View",
                                            },
                                            Object {
                                              "children": Array [
                                                Object {
                                                  "children": Array [
                                                    Object {
                                                      "children": Array [
                                                        "Key 4",
                                                      ],
                                                      "props": Object {
                                                        "accessible": true,
                                                        "allowFontScaling": true,
                                                        "disabled": false,
                                                        "ellipsizeMode": "tail",
                                                        "style": Object {
                                                          "fontSize": 18,
                                                          "marginBottom": 5,
                                                        },
                                                      },
                                                      "type": "Text",
                                                    },
                                                    Object {
                                                      "children": Array [
                                                        "This is item4",
                                                      ],
                                                      "props": Object {
                                                        "accessible": true,
                                                        "allowFontScaling": true,
                                                        "disabled": false,
                                                        "ellipsizeMode": "tail",
                                                        "style": Object {},
                                                      },
                                                      "type": "Text",
                                                    },
                                                  ],
                                                  "props": Object {
                                                    "style": Object {
                                                      "flex": 1,
                                                      "flexDirection": "column",
                                                      "paddingVertical": 7,
                                                    },
                                                  },
                                                  "type": "View",
                                                },
                                              ],
                                              "props": Object {
                                                "onLayout": [Function],
                                                "style": null,
                                              },
                                              "type": "View",
                                            },
                                            Object {
                                              "children": Array [
                                                Object {
                                                  "children": Array [
                                                    Object {
                                                      "children": Array [
                                                        "Key 5",
                                                      ],
                                                      "props": Object {
                                                        "accessible": true,
                                                        "allowFontScaling": true,
                                                        "disabled": false,
                                                        "ellipsizeMode": "tail",
                                                        "style": Object {
                                                          "fontSize": 18,
                                                          "marginBottom": 5,
                                                        },
                                                      },
                                                      "type": "Text",
                                                    },
                                                    Object {
                                                      "children": Array [
                                                        "This is item5",
                                                      ],
                                                      "props": Object {
                                                        "accessible": true,
                                                        "allowFontScaling": true,
                                                        "disabled": false,
                                                        "ellipsizeMode": "tail",
                                                        "style": Object {},
                                                      },
                                                      "type": "Text",
                                                    },
                                                  ],
                                                  "props": Object {
                                                    "style": Object {
                                                      "flex": 1,
                                                      "flexDirection": "column",
                                                      "paddingVertical": 7,
                                                    },
                                                  },
                                                  "type": "View",
                                                },
                                              ],
                                              "props": Object {
                                                "onLayout": [Function],
                                                "style": null,
                                              },
                                              "type": "View",
                                            },
                                            Object {
                                              "children": Array [
                                                Object {
                                                  "children": Array [
                                                    Object {
                                                      "children": Array [
                                                        "Key 6",
                                                      ],
                                                      "props": Object {
                                                        "accessible": true,
                                                        "allowFontScaling": true,
                                                        "disabled": false,
                                                        "ellipsizeMode": "tail",
                                                        "style": Object {
                                                          "fontSize": 18,
                                                          "marginBottom": 5,
                                                        },
                                                      },
                                                      "type": "Text",
                                                    },
                                                    Object {
                                                      "children": Array [
                                                        "This is item6",
                                                      ],
                                                      "props": Object {
                                                        "accessible": true,
                                                        "allowFontScaling": true,
                                                        "disabled": false,
                                                        "ellipsizeMode": "tail",
                                                        "style": Object {},
                                                      },
                                                      "type": "Text",
                                                    },
                                                  ],
                                                  "props": Object {
                                                    "style": Object {
                                                      "flex": 1,
                                                      "flexDirection": "column",
                                                      "paddingVertical": 7,
                                                    },
                                                  },
                                                  "type": "View",
                                                },
                                              ],
                                              "props": Object {
                                                "onLayout": [Function],
                                                "style": null,
                                              },
                                              "type": "View",
                                            },
                                            Object {
                                              "children": Array [
                                                Object {
                                                  "children": Array [
                                                    Object {
                                                      "children": Array [
                                                        "Key 7",
                                                      ],
                                                      "props": Object {
                                                        "accessible": true,
                                                        "allowFontScaling": true,
                                                        "disabled": false,
                                                        "ellipsizeMode": "tail",
                                                        "style": Object {
                                                          "fontSize": 18,
                                                          "marginBottom": 5,
                                                        },
                                                      },
                                                      "type": "Text",
                                                    },
                                                    Object {
                                                      "children": Array [
                                                        "This is item7",
                                                      ],
                                                      "props": Object {
                                                        "accessible": true,
                                                        "allowFontScaling": true,
                                                        "disabled": false,
                                                        "ellipsizeMode": "tail",
                                                        "style": Object {},
                                                      },
                                                      "type": "Text",
                                                    },
                                                  ],
                                                  "props": Object {
                                                    "style": Object {
                                                      "flex": 1,
                                                      "flexDirection": "column",
                                                      "paddingVertical": 7,
                                                    },
                                                  },
                                                  "type": "View",
                                                },
                                              ],
                                              "props": Object {
                                                "onLayout": [Function],
                                                "style": null,
                                              },
                                              "type": "View",
                                            },
                                            Object {
                                              "children": Array [
                                                Object {
                                                  "children": Array [
                                                    Object {
                                                      "children": Array [
                                                        "Key 8",
                                                      ],
                                                      "props": Object {
                                                        "accessible": true,
                                                        "allowFontScaling": true,
                                                        "disabled": false,
                                                        "ellipsizeMode": "tail",
                                                        "style": Object {
                                                          "fontSize": 18,
                                                          "marginBottom": 5,
                                                        },
                                                      },
                                                      "type": "Text",
                                                    },
                                                    Object {
                                                      "children": Array [
                                                        "This is item8",
                                                      ],
                                                      "props": Object {
                                                        "accessible": true,
                                                        "allowFontScaling": true,
                                                        "disabled": false,
                                                        "ellipsizeMode": "tail",
                                                        "style": Object {},
                                                      },
                                                      "type": "Text",
                                                    },
                                                  ],
                                                  "props": Object {
                                                    "style": Object {
                                                      "flex": 1,
                                                      "flexDirection": "column",
                                                      "paddingVertical": 7,
                                                    },
                                                  },
                                                  "type": "View",
                                                },
                                              ],
                                              "props": Object {
                                                "onLayout": [Function],
                                                "style": null,
                                              },
                                              "type": "View",
                                            },
                                            Object {
                                              "children": Array [
                                                Object {
                                                  "children": Array [
                                                    Object {
                                                      "children": Array [
                                                        "Key 9",
                                                      ],
                                                      "props": Object {
                                                        "accessible": true,
                                                        "allowFontScaling": true,
                                                        "disabled": false,
                                                        "ellipsizeMode": "tail",
                                                        "style": Object {
                                                          "fontSize": 18,
                                                          "marginBottom": 5,
                                                        },
                                                      },
                                                      "type": "Text",
                                                    },
                                                    Object {
                                                      "children": Array [
                                                        "This is item9",
                                                      ],
                                                      "props": Object {
                                                        "accessible": true,
                                                        "allowFontScaling": true,
                                                        "disabled": false,
                                                        "ellipsizeMode": "tail",
                                                        "style": Object {},
                                                      },
                                                      "type": "Text",
                                                    },
                                                  ],
                                                  "props": Object {
                                                    "style": Object {
                                                      "flex": 1,
                                                      "flexDirection": "column",
                                                      "paddingVertical": 7,
                                                    },
                                                  },
                                                  "type": "View",
                                                },
                                              ],
                                              "props": Object {
                                                "onLayout": [Function],
                                                "style": null,
                                              },
                                              "type": "View",
                                            },
                                            Object {
                                              "children": null,
                                              "props": Object {
                                                "style": Object {
                                                  "height": 0,
                                                },
                                              },
                                              "type": "View",
                                            },
                                          ],
                                          "props": Object {},
                                          "type": "View",
                                        },
                                      ],
                                      "props": Object {
                                        "data": Array [
                                          Object {
                                            "def": "This is item0",
                                            "word": "Key 0",
                                          },
                                          Object {
                                            "def": "This is item1",
                                            "word": "Key 1",
                                          },
                                          Object {
                                            "def": "This is item2",
                                            "word": "Key 2",
                                          },
                                          Object {
                                            "def": "This is item3",
                                            "word": "Key 3",
                                          },
                                          Object {
                                            "def": "This is item4",
                                            "word": "Key 4",
                                          },
                                          Object {
                                            "def": "This is item5",
                                            "word": "Key 5",
                                          },
                                          Object {
                                            "def": "This is item6",
                                            "word": "Key 6",
                                          },
                                          Object {
                                            "def": "This is item7",
                                            "word": "Key 7",
                                          },
                                          Object {
                                            "def": "This is item8",
                                            "word": "Key 8",
                                          },
                                          Object {
                                            "def": "This is item9",
                                            "word": "Key 9",
                                          },
                                          Object {
                                            "def": "This is item10",
                                            "word": "Key 10",
                                          },
                                          Object {
                                            "def": "This is item11",
                                            "word": "Key 11",
                                          },
                                          Object {
                                            "def": "This is item12",
                                            "word": "Key 12",
                                          },
                                          Object {
                                            "def": "This is item13",
                                            "word": "Key 13",
                                          },
                                          Object {
                                            "def": "This is item14",
                                            "word": "Key 14",
                                          },
                                          Object {
                                            "def": "This is item15",
                                            "word": "Key 15",
                                          },
                                          Object {
                                            "def": "This is item16",
                                            "word": "Key 16",
                                          },
                                          Object {
                                            "def": "This is item17",
                                            "word": "Key 17",
                                          },
                                          Object {
                                            "def": "This is item18",
                                            "word": "Key 18",
                                          },
                                          Object {
                                            "def": "This is item19",
                                            "word": "Key 19",
                                          },
                                          Object {
                                            "def": "This is item20",
                                            "word": "Key 20",
                                          },
                                          Object {
                                            "def": "This is item21",
                                            "word": "Key 21",
                                          },
                                          Object {
                                            "def": "This is item22",
                                            "word": "Key 22",
                                          },
                                          Object {
                                            "def": "This is item23",
                                            "word": "Key 23",
                                          },
                                          Object {
                                            "def": "This is item24",
                                            "word": "Key 24",
                                          },
                                          Object {
                                            "def": "This is item25",
                                            "word": "Key 25",
                                          },
                                          Object {
                                            "def": "This is item26",
                                            "word": "Key 26",
                                          },
                                          Object {
                                            "def": "This is item27",
                                            "word": "Key 27",
                                          },
                                          Object {
                                            "def": "This is item28",
                                            "word": "Key 28",
                                          },
                                          Object {
                                            "def": "This is item29",
                                            "word": "Key 29",
                                          },
                                          Object {
                                            "def": "This is item30",
                                            "word": "Key 30",
                                          },
                                          Object {
                                            "def": "This is item31",
                                            "word": "Key 31",
                                          },
                                          Object {
                                            "def": "This is item32",
                                            "word": "Key 32",
                                          },
                                          Object {
                                            "def": "This is item33",
                                            "word": "Key 33",
                                          },
                                          Object {
                                            "def": "This is item34",
                                            "word": "Key 34",
                                          },
                                          Object {
                                            "def": "This is item35",
                                            "word": "Key 35",
                                          },
                                          Object {
                                            "def": "This is item36",
                                            "word": "Key 36",
                                          },
                                          Object {
                                            "def": "This is item37",
                                            "word": "Key 37",
                                          },
                                          Object {
                                            "def": "This is item38",
                                            "word": "Key 38",
                                          },
                                          Object {
                                            "def": "This is item39",
                                            "word": "Key 39",
                                          },
                                          Object {
                                            "def": "This is item40",
                                            "word": "Key 40",
                                          },
                                          Object {
                                            "def": "This is item41",
                                            "word": "Key 41",
                                          },
                                          Object {
                                            "def": "This is item42",
                                            "word": "Key 42",
                                          },
                                          Object {
                                            "def": "This is item43",
                                            "word": "Key 43",
                                          },
                                          Object {
                                            "def": "This is item44",
                                            "word": "Key 44",
                                          },
                                          Object {
                                            "def": "This is item45",
                                            "word": "Key 45",
                                          },
                                          Object {
                                            "def": "This is item46",
                                            "word": "Key 46",
                                          },
                                          Object {
                                            "def": "This is item47",
                                            "word": "Key 47",
                                          },
                                          Object {
                                            "def": "This is item48",
                                            "word": "Key 48",
                                          },
                                          Object {
                                            "def": "This is item49",
                                            "word": "Key 49",
                                          },
                                          Object {
                                            "def": "This is item50",
                                            "word": "Key 50",
                                          },
                                          Object {
                                            "def": "This is item51",
                                            "word": "Key 51",
                                          },
                                          Object {
                                            "def": "This is item52",
                                            "word": "Key 52",
                                          },
                                          Object {
                                            "def": "This is item53",
                                            "word": "Key 53",
                                          },
                                          Object {
                                            "def": "This is item54",
                                            "word": "Key 54",
                                          },
                                          Object {
                                            "def": "This is item55",
                                            "word": "Key 55",
                                          },
                                          Object {
                                            "def": "This is item56",
                                            "word": "Key 56",
                                          },
                                          Object {
                                            "def": "This is item57",
                                            "word": "Key 57",
                                          },
                                          Object {
                                            "def": "This is item58",
                                            "word": "Key 58",
                                          },
                                          Object {
                                            "def": "This is item59",
                                            "word": "Key 59",
                                          },
                                          Object {
                                            "def": "This is item60",
                                            "word": "Key 60",
                                          },
                                          Object {
                                            "def": "This is item61",
                                            "word": "Key 61",
                                          },
                                          Object {
                                            "def": "This is item62",
                                            "word": "Key 62",
                                          },
                                          Object {
                                            "def": "This is item63",
                                            "word": "Key 63",
                                          },
                                          Object {
                                            "def": "This is item64",
                                            "word": "Key 64",
                                          },
                                          Object {
                                            "def": "This is item65",
                                            "word": "Key 65",
                                          },
                                          Object {
                                            "def": "This is item66",
                                            "word": "Key 66",
                                          },
                                          Object {
                                            "def": "This is item67",
                                            "word": "Key 67",
                                          },
                                          Object {
                                            "def": "This is item68",
                                            "word": "Key 68",
                                          },
                                          Object {
                                            "def": "This is item69",
                                            "word": "Key 69",
                                          },
                                          Object {
                                            "def": "This is item70",
                                            "word": "Key 70",
                                          },
                                          Object {
                                            "def": "This is item71",
                                            "word": "Key 71",
                                          },
                                          Object {
                                            "def": "This is item72",
                                            "word": "Key 72",
                                          },
                                          Object {
                                            "def": "This is item73",
                                            "word": "Key 73",
                                          },
                                          Object {
                                            "def": "This is item74",
                                            "word": "Key 74",
                                          },
                                          Object {
                                            "def": "This is item75",
                                            "word": "Key 75",
                                          },
                                          Object {
                                            "def": "This is item76",
                                            "word": "Key 76",
                                          },
                                          Object {
                                            "def": "This is item77",
                                            "word": "Key 77",
                                          },
                                          Object {
                                            "def": "This is item78",
                                            "word": "Key 78",
                                          },
                                          Object {
                                            "def": "This is item79",
                                            "word": "Key 79",
                                          },
                                          Object {
                                            "def": "This is item80",
                                            "word": "Key 80",
                                          },
                                          Object {
                                            "def": "This is item81",
                                            "word": "Key 81",
                                          },
                                          Object {
                                            "def": "This is item82",
                                            "word": "Key 82",
                                          },
                                          Object {
                                            "def": "This is item83",
                                            "word": "Key 83",
                                          },
                                          Object {
                                            "def": "This is item84",
                                            "word": "Key 84",
                                          },
                                          Object {
                                            "def": "This is item85",
                                            "word": "Key 85",
                                          },
                                          Object {
                                            "def": "This is item86",
                                            "word": "Key 86",
                                          },
                                          Object {
                                            "def": "This is item87",
                                            "word": "Key 87",
                                          },
                                          Object {
                                            "def": "This is item88",
                                            "word": "Key 88",
                                          },
                                          Object {
                                            "def": "This is item89",
                                            "word": "Key 89",
                                          },
                                          Object {
                                            "def": "This is item90",
                                            "word": "Key 90",
                                          },
                                          Object {
                                            "def": "This is item91",
                                            "word": "Key 91",
                                          },
                                          Object {
                                            "def": "This is item92",
                                            "word": "Key 92",
                                          },
                                          Object {
                                            "def": "This is item93",
                                            "word": "Key 93",
                                          },
                                          Object {
                                            "def": "This is item94",
                                            "word": "Key 94",
                                          },
                                          Object {
                                            "def": "This is item95",
                                            "word": "Key 95",
                                          },
                                          Object {
                                            "def": "This is item96",
                                            "word": "Key 96",
                                          },
                                          Object {
                                            "def": "This is item97",
                                            "word": "Key 97",
                                          },
                                          Object {
                                            "def": "This is item98",
                                            "word": "Key 98",
                                          },
                                          Object {
                                            "def": "This is item99",
                                            "word": "Key 99",
                                          },
                                        ],
                                        "disableVirtualization": false,
                                        "getItem": [Function],
                                        "getItemCount": [Function],
                                        "horizontal": false,
                                        "initialNumToRender": 10,
                                        "keyExtractor": [Function],
                                        "maxToRenderPerBatch": 10,
                                        "numColumns": 1,
                                        "onContentSizeChange": [Function],
                                        "onEndReachedThreshold": 2,
                                        "onLayout": [Function],
                                        "onMomentumScrollEnd": [Function],
                                        "onScroll": [Function],
                                        "onScrollBeginDrag": [Function],
                                        "onScrollEndDrag": [Function],
                                        "onViewableItemsChanged": undefined,
                                        "renderItem": [Function],
                                        "scrollEventThrottle": 50,
                                        "stickyHeaderIndices": Array [],
                                        "style": Object {
                                          "flex": 1,
                                        },
                                        "updateCellsBatchingPeriod": 50,
                                        "windowSize": 21,
                                      },
                                      "type": "RCTScrollView",
                                    },
                                  ],
                                  "props": Object {
                                    "style": Object {
                                      "flex": 1,
                                      "paddingHorizontal": 16,
                                    },
                                  },
                                  "type": "View",
                                },
                              ],
                              "props": Object {
                                "collapsable": undefined,
                                "pointerEvents": "auto",
                                "style": Object {
                                  "backgroundColor": "#E9E9EF",
                                  "bottom": 0,
                                  "left": 0,
                                  "opacity": 1,
                                  "position": "absolute",
                                  "right": 0,
                                  "shadowColor": "black",
                                  "shadowOffset": Object {
                                    "height": 0,
                                    "width": 0,
                                  },
                                  "shadowOpacity": 0.2,
                                  "shadowRadius": 5,
                                  "top": 0,
                                  "transform": Array [
                                    Object {
                                      "translateX": 0,
                                    },
                                    Object {
                                      "translateY": 0,
                                    },
                                  ],
                                },
                              },
                              "type": "View",
                            },
                          ],
                          "props": Object {
                            "style": Object {
                              "flex": 1,
                            },
                          },
                          "type": "View",
                        },
                        Object {
                          "children": Array [
                            Object {
                              "children": Array [
                                Object {
                                  "children": Array [
                                    Object {
                                      "children": Array [
                                        Object {
                                          "children": Array [
                                            "Word List",
                                          ],
                                          "props": Object {
                                            "accessibilityTraits": "header",
                                            "accessible": true,
                                            "allowFontScaling": true,
                                            "collapsable": undefined,
                                            "disabled": false,
                                            "ellipsizeMode": "tail",
                                            "numberOfLines": 1,
                                            "onLayout": [Function],
                                            "style": Object {
                                              "color": "white",
                                              "fontSize": 17,
                                              "fontWeight": "600",
                                              "marginHorizontal": 16,
                                              "textAlign": "center",
                                            },
                                          },
                                          "type": "Text",
                                        },
                                      ],
                                      "props": Object {
                                        "collapsable": undefined,
                                        "pointerEvents": "box-none",
                                        "style": Object {
                                          "alignItems": "center",
                                          "backgroundColor": "transparent",
                                          "bottom": 0,
                                          "justifyContent": "center",
                                          "left": 70,
                                          "opacity": 1,
                                          "position": "absolute",
                                          "right": 70,
                                          "top": 0,
                                          "transform": Array [
                                            Object {
                                              "translateX": 0,
                                            },
                                          ],
                                        },
                                      },
                                      "type": "View",
                                    },
                                    Object {
                                      "children": Array [
                                        Object {
                                          "children": Array [
                                            Object {
                                              "children": Array [
                                                Object {
                                                  "children": Array [
                                                    "",
                                                  ],
                                                  "props": Object {
                                                    "accessible": true,
                                                    "allowFontScaling": false,
                                                    "disabled": false,
                                                    "ellipsizeMode": "tail",
                                                    "style": Array [
                                                      Object {
                                                        "color": "white",
                                                        "fontSize": 20,
                                                      },
                                                      Object {
                                                        "marginRight": 16,
                                                      },
                                                      Object {
                                                        "fontFamily": "ExponentFont-mock-ionicons",
                                                        "fontStyle": "normal",
                                                        "fontWeight": "normal",
                                                      },
                                                    ],
                                                  },
                                                  "type": "Text",
                                                },
                                                Object {
                                                  "children": null,
                                                  "props": Object {
                                                    "autoCorrect": false,
                                                    "placeholder": "Search",
                                                    "placeholderTextColor": "white",
                                                    "returnKeyType": "next",
                                                    "selectTextOnFocus": true,
                                                    "style": Object {
                                                      "color": "white",
                                                      "flexGrow": 1,
                                                      "fontSize": 16,
                                                      "height": 40,
                                                      "lineHeight": 20,
                                                    },
                                                    "underlineColorAndroid": "transparent",
                                                  },
                                                  "type": "TextInput",
                                                },
                                              ],
                                              "props": Object {
                                                "style": Object {
                                                  "alignItems": "center",
                                                  "borderBottomColor": "white",
                                                  "borderBottomWidth": 1,
                                                  "flex": 1,
                                                  "flexDirection": "row",
                                                  "paddingHorizontal": 16,
                                                },
                                              },
                                              "type": "View",
                                            },
                                          ],
                                          "props": Object {
                                            "style": Object {
                                              "minWidth": 250,
                                              "paddingRight": 16,
                                              "paddingVertical": 10,
                                            },
                                          },
                                          "type": "View",
                                        },
                                      ],
                                      "props": Object {
                                        "collapsable": undefined,
                                        "pointerEvents": "box-none",
                                        "style": Object {
                                          "alignItems": "center",
                                          "backgroundColor": "transparent",
                                          "bottom": 0,
                                          "justifyContent": "center",
                                          "opacity": 1,
                                          "position": "absolute",
                                          "right": 0,
                                          "top": 0,
                                        },
                                      },
                                      "type": "View",
                                    },
                                  ],
                                  "props": Object {
                                    "style": Array [
                                      Object {
                                        "bottom": 0,
                                        "left": 0,
                                        "position": "absolute",
                                        "right": 0,
                                        "top": 0,
                                      },
                                      Object {
                                        "flexDirection": "row",
                                      },
                                    ],
                                  },
                                  "type": "View",
                                },
                              ],
                              "props": Object {
                                "style": Object {
                                  "flex": 1,
                                },
                              },
                              "type": "View",
                            },
                          ],
                          "props": Object {
                            "cardStyle": undefined,
                            "collapsable": undefined,
                            "getScreenDetails": [Function],
                            "headerMode": undefined,
                            "index": 0,
                            "layout": Object {
                              "height": Object {
                                "_animation": null,
                                "_children": Array [],
                                "_listeners": Object {},
                                "_offset": 0,
                                "_startingValue": 0,
                                "_value": 0,
                              },
                              "initHeight": 0,
                              "initWidth": 0,
                              "isMeasured": false,
                              "width": Object {
                                "_animation": null,
                                "_children": Array [],
                                "_listeners": Object {},
                                "_offset": 0,
                                "_startingValue": 0,
                                "_value": 0,
                              },
                            },
                            "mode": "float",
                            "navigation": Object {
                              "dispatch": [Function],
                              "goBack": [Function],
                              "navigate": [Function],
                              "setParams": [Function],
                              "state": Object {
                                "index": 0,
                                "routes": Array [
                                  Object {
                                    "routeName": "WordList",
                                    "type": undefined,
                                  },
                                ],
                              },
                            },
                            "router": Object {
                              "getActionForPathAndParams": [Function],
                              "getComponentForRouteName": [Function],
                              "getComponentForState": [Function],
                              "getPathAndParamsForState": [Function],
                              "getScreenConfig": [Function],
                              "getScreenOptions": [Function],
                              "getStateForAction": [Function],
                            },
                            "style": Object {
                              "backgroundColor": "#2f95dc",
                              "borderBottomColor": "rgba(0, 0, 0, .3)",
                              "borderBottomWidth": 0.5,
                              "height": 64,
                              "paddingTop": 20,
                            },
                            "transitionConfig": undefined,
                          },
                          "type": "View",
                        },
                      ],
                      "props": Object {
                        "onMoveShouldSetResponder": [Function],
                        "onMoveShouldSetResponderCapture": [Function],
                        "onResponderEnd": [Function],
                        "onResponderGrant": [Function],
                        "onResponderMove": [Function],
                        "onResponderReject": [Function],
                        "onResponderRelease": [Function],
                        "onResponderStart": [Function],
                        "onResponderTerminate": [Function],
                        "onResponderTerminationRequest": [Function],
                        "onStartShouldSetResponder": [Function],
                        "onStartShouldSetResponderCapture": [Function],
                        "style": Array [
                          Object {
                            "flex": 1,
                            "flexDirection": "column-reverse",
                          },
                          Object {
                            "backgroundColor": "#000",
                          },
                        ],
                      },
                      "type": "View",
                    },
                  ],
                  "props": Object {
                    "onLayout": [Function],
                    "style": Array [
                      Object {
                        "flex": 1,
                      },
                      undefined,
                    ],
                  },
                  "type": "View",
                },
              ],
              "props": Object {
                "style": Object {
                  "flex": 1,
                  "overflow": "hidden",
                },
              },
              "type": "View",
            },
          ],
          "props": Object {
            "style": Object {
              "bottom": 0,
              "left": 0,
              "position": "absolute",
              "right": 0,
              "top": 0,
            },
            "testID": undefined,
          },
          "type": "View",
        },
        Object {
          "children": null,
          "props": Object {
            "style": null,
            "testID": undefined,
          },
          "type": "View",
        },
        Object {
          "children": null,
          "props": Object {
            "style": null,
            "testID": undefined,
          },
          "type": "View",
        },
        Object {
          "children": null,
          "props": Object {
            "style": null,
            "testID": undefined,
          },
          "type": "View",
        },
      ],
      "props": Object {
        "collapsable": undefined,
        "onMoveShouldSetResponder": [Function],
        "onMoveShouldSetResponderCapture": [Function],
        "onResponderEnd": [Function],
        "onResponderGrant": [Function],
        "onResponderMove": [Function],
        "onResponderReject": [Function],
        "onResponderRelease": [Function],
        "onResponderStart": [Function],
        "onResponderTerminate": [Function],
        "onResponderTerminationRequest": [Function],
        "onStartShouldSetResponder": [Function],
        "onStartShouldSetResponderCapture": [Function],
        "style": Object {
          "alignItems": "stretch",
          "flex": 1,
          "flexDirection": "row",
        },
      },
      "type": "View",
    },
    Object {
      "children": Array [
        Object {
          "children": Array [
            Object {
              "children": Array [
                Object {
                  "children": Array [
                    Object {
                      "children": Array [
                        "",
                      ],
                      "props": Object {
                        "accessible": true,
                        "allowFontScaling": false,
                        "disabled": false,
                        "ellipsizeMode": "tail",
                        "style": Array [
                          Object {
                            "color": "#2f95dc",
                            "fontSize": 28,
                          },
                          Object {
                            "marginBottom": -3,
                          },
                          Object {
                            "fontFamily": "ExponentFont-mock-ionicons",
                            "fontStyle": "normal",
                            "fontWeight": "normal",
                          },
                        ],
                      },
                      "type": "Text",
                    },
                  ],
                  "props": Object {
                    "collapsable": undefined,
                    "style": Object {
                      "alignItems": "center",
                      "bottom": 0,
                      "justifyContent": "center",
                      "left": 0,
                      "opacity": 1,
                      "position": "absolute",
                      "right": 0,
                      "top": 0,
                    },
                  },
                  "type": "View",
                },
                Object {
                  "children": Array [
                    Object {
                      "children": Array [
                        "",
                      ],
                      "props": Object {
                        "accessible": true,
                        "allowFontScaling": false,
                        "disabled": false,
                        "ellipsizeMode": "tail",
                        "style": Array [
                          Object {
                            "color": "#ccc",
                            "fontSize": 28,
                          },
                          Object {
                            "marginBottom": -3,
                          },
                          Object {
                            "fontFamily": "ExponentFont-mock-ionicons",
                            "fontStyle": "normal",
                            "fontWeight": "normal",
                          },
                        ],
                      },
                      "type": "Text",
                    },
                  ],
                  "props": Object {
                    "collapsable": undefined,
                    "style": Object {
                      "alignItems": "center",
                      "bottom": 0,
                      "justifyContent": "center",
                      "left": 0,
                      "opacity": 0,
                      "position": "absolute",
                      "right": 0,
                      "top": 0,
                    },
                  },
                  "type": "View",
                },
              ],
              "props": Object {
                "style": Object {
                  "flexGrow": 1,
                },
              },
              "type": "View",
            },
            Object {
              "children": Array [
                "Word List",
              ],
              "props": Object {
                "accessible": true,
                "allowFontScaling": true,
                "collapsable": undefined,
                "disabled": false,
                "ellipsizeMode": "tail",
                "style": Object {
                  "backgroundColor": "transparent",
                  "color": "rgba(52, 120, 246, 1)",
                  "fontSize": 10,
                  "marginBottom": 1.5,
                  "textAlign": "center",
                },
              },
              "type": "Text",
            },
          ],
          "props": Object {
            "accessibilityComponentType": undefined,
            "accessibilityLabel": undefined,
            "accessibilityTraits": undefined,
            "accessible": true,
            "collapsable": undefined,
            "hitSlop": undefined,
            "nativeID": undefined,
            "onLayout": undefined,
            "onResponderGrant": [Function],
            "onResponderMove": [Function],
            "onResponderRelease": [Function],
            "onResponderTerminate": [Function],
            "onResponderTerminationRequest": [Function],
            "onStartShouldSetResponder": [Function],
            "style": Object {
              "alignItems": "stretch",
              "backgroundColor": "rgba(0, 0, 0, 0)",
              "flex": 1,
              "justifyContent": "flex-end",
            },
            "testID": undefined,
          },
          "type": "View",
        },
        Object {
          "children": Array [
            Object {
              "children": Array [
                Object {
                  "children": Array [
                    Object {
                      "children": Array [
                        "",
                      ],
                      "props": Object {
                        "accessible": true,
                        "allowFontScaling": false,
                        "disabled": false,
                        "ellipsizeMode": "tail",
                        "style": Array [
                          Object {
                            "color": "#2f95dc",
                            "fontSize": 28,
                          },
                          Object {
                            "marginBottom": -3,
                          },
                          Object {
                            "fontFamily": "ExponentFont-mock-ionicons",
                            "fontStyle": "normal",
                            "fontWeight": "normal",
                          },
                        ],
                      },
                      "type": "Text",
                    },
                  ],
                  "props": Object {
                    "collapsable": undefined,
                    "style": Object {
                      "alignItems": "center",
                      "bottom": 0,
                      "justifyContent": "center",
                      "left": 0,
                      "opacity": 0,
                      "position": "absolute",
                      "right": 0,
                      "top": 0,
                    },
                  },
                  "type": "View",
                },
                Object {
                  "children": Array [
                    Object {
                      "children": Array [
                        "",
                      ],
                      "props": Object {
                        "accessible": true,
                        "allowFontScaling": false,
                        "disabled": false,
                        "ellipsizeMode": "tail",
                        "style": Array [
                          Object {
                            "color": "#ccc",
                            "fontSize": 28,
                          },
                          Object {
                            "marginBottom": -3,
                          },
                          Object {
                            "fontFamily": "ExponentFont-mock-ionicons",
                            "fontStyle": "normal",
                            "fontWeight": "normal",
                          },
                        ],
                      },
                      "type": "Text",
                    },
                  ],
                  "props": Object {
                    "collapsable": undefined,
                    "style": Object {
                      "alignItems": "center",
                      "bottom": 0,
                      "justifyContent": "center",
                      "left": 0,
                      "opacity": 1,
                      "position": "absolute",
                      "right": 0,
                      "top": 0,
                    },
                  },
                  "type": "View",
                },
              ],
              "props": Object {
                "style": Object {
                  "flexGrow": 1,
                },
              },
              "type": "View",
            },
            Object {
              "children": Array [
                "Add",
              ],
              "props": Object {
                "accessible": true,
                "allowFontScaling": true,
                "collapsable": undefined,
                "disabled": false,
                "ellipsizeMode": "tail",
                "style": Object {
                  "backgroundColor": "transparent",
                  "color": "rgba(146, 146, 146, 1)",
                  "fontSize": 10,
                  "marginBottom": 1.5,
                  "textAlign": "center",
                },
              },
              "type": "Text",
            },
          ],
          "props": Object {
            "accessibilityComponentType": undefined,
            "accessibilityLabel": undefined,
            "accessibilityTraits": undefined,
            "accessible": true,
            "collapsable": undefined,
            "hitSlop": undefined,
            "nativeID": undefined,
            "onLayout": undefined,
            "onResponderGrant": [Function],
            "onResponderMove": [Function],
            "onResponderRelease": [Function],
            "onResponderTerminate": [Function],
            "onResponderTerminationRequest": [Function],
            "onStartShouldSetResponder": [Function],
            "style": Object {
              "alignItems": "stretch",
              "backgroundColor": "rgba(0, 0, 0, 0)",
              "flex": 1,
              "justifyContent": "flex-end",
            },
            "testID": undefined,
          },
          "type": "View",
        },
        Object {
          "children": Array [
            Object {
              "children": Array [
                Object {
                  "children": Array [
                    Object {
                      "children": Array [
                        "",
                      ],
                      "props": Object {
                        "accessible": true,
                        "allowFontScaling": false,
                        "disabled": false,
                        "ellipsizeMode": "tail",
                        "style": Array [
                          Object {
                            "color": "#2f95dc",
                            "fontSize": 28,
                          },
                          Object {
                            "marginBottom": -3,
                          },
                          Object {
                            "fontFamily": "ExponentFont-mock-ionicons",
                            "fontStyle": "normal",
                            "fontWeight": "normal",
                          },
                        ],
                      },
                      "type": "Text",
                    },
                  ],
                  "props": Object {
                    "collapsable": undefined,
                    "style": Object {
                      "alignItems": "center",
                      "bottom": 0,
                      "justifyContent": "center",
                      "left": 0,
                      "opacity": 0,
                      "position": "absolute",
                      "right": 0,
                      "top": 0,
                    },
                  },
                  "type": "View",
                },
                Object {
                  "children": Array [
                    Object {
                      "children": Array [
                        "",
                      ],
                      "props": Object {
                        "accessible": true,
                        "allowFontScaling": false,
                        "disabled": false,
                        "ellipsizeMode": "tail",
                        "style": Array [
                          Object {
                            "color": "#ccc",
                            "fontSize": 28,
                          },
                          Object {
                            "marginBottom": -3,
                          },
                          Object {
                            "fontFamily": "ExponentFont-mock-ionicons",
                            "fontStyle": "normal",
                            "fontWeight": "normal",
                          },
                        ],
                      },
                      "type": "Text",
                    },
                  ],
                  "props": Object {
                    "collapsable": undefined,
                    "style": Object {
                      "alignItems": "center",
                      "bottom": 0,
                      "justifyContent": "center",
                      "left": 0,
                      "opacity": 1,
                      "position": "absolute",
                      "right": 0,
                      "top": 0,
                    },
                  },
                  "type": "View",
                },
              ],
              "props": Object {
                "style": Object {
                  "flexGrow": 1,
                },
              },
              "type": "View",
            },
            Object {
              "children": Array [
                "Shuffle",
              ],
              "props": Object {
                "accessible": true,
                "allowFontScaling": true,
                "collapsable": undefined,
                "disabled": false,
                "ellipsizeMode": "tail",
                "style": Object {
                  "backgroundColor": "transparent",
                  "color": "rgba(146, 146, 146, 1)",
                  "fontSize": 10,
                  "marginBottom": 1.5,
                  "textAlign": "center",
                },
              },
              "type": "Text",
            },
          ],
          "props": Object {
            "accessibilityComponentType": undefined,
            "accessibilityLabel": undefined,
            "accessibilityTraits": undefined,
            "accessible": true,
            "collapsable": undefined,
            "hitSlop": undefined,
            "nativeID": undefined,
            "onLayout": undefined,
            "onResponderGrant": [Function],
            "onResponderMove": [Function],
            "onResponderRelease": [Function],
            "onResponderTerminate": [Function],
            "onResponderTerminationRequest": [Function],
            "onStartShouldSetResponder": [Function],
            "style": Object {
              "alignItems": "stretch",
              "backgroundColor": "rgba(0, 0, 0, 0)",
              "flex": 1,
              "justifyContent": "flex-end",
            },
            "testID": undefined,
          },
          "type": "View",
        },
        Object {
          "children": Array [
            Object {
              "children": Array [
                Object {
                  "children": Array [
                    Object {
                      "children": Array [
                        "",
                      ],
                      "props": Object {
                        "accessible": true,
                        "allowFontScaling": false,
                        "disabled": false,
                        "ellipsizeMode": "tail",
                        "style": Array [
                          Object {
                            "color": "#2f95dc",
                            "fontSize": 28,
                          },
                          Object {
                            "marginBottom": -3,
                          },
                          Object {
                            "fontFamily": "ExponentFont-mock-ionicons",
                            "fontStyle": "normal",
                            "fontWeight": "normal",
                          },
                        ],
                      },
                      "type": "Text",
                    },
                  ],
                  "props": Object {
                    "collapsable": undefined,
                    "style": Object {
                      "alignItems": "center",
                      "bottom": 0,
                      "justifyContent": "center",
                      "left": 0,
                      "opacity": 0,
                      "position": "absolute",
                      "right": 0,
                      "top": 0,
                    },
                  },
                  "type": "View",
                },
                Object {
                  "children": Array [
                    Object {
                      "children": Array [
                        "",
                      ],
                      "props": Object {
                        "accessible": true,
                        "allowFontScaling": false,
                        "disabled": false,
                        "ellipsizeMode": "tail",
                        "style": Array [
                          Object {
                            "color": "#ccc",
                            "fontSize": 28,
                          },
                          Object {
                            "marginBottom": -3,
                          },
                          Object {
                            "fontFamily": "ExponentFont-mock-ionicons",
                            "fontStyle": "normal",
                            "fontWeight": "normal",
                          },
                        ],
                      },
                      "type": "Text",
                    },
                  ],
                  "props": Object {
                    "collapsable": undefined,
                    "style": Object {
                      "alignItems": "center",
                      "bottom": 0,
                      "justifyContent": "center",
                      "left": 0,
                      "opacity": 1,
                      "position": "absolute",
                      "right": 0,
                      "top": 0,
                    },
                  },
                  "type": "View",
                },
              ],
              "props": Object {
                "style": Object {
                  "flexGrow": 1,
                },
              },
              "type": "View",
            },
            Object {
              "children": Array [
                "Quiz",
              ],
              "props": Object {
                "accessible": true,
                "allowFontScaling": true,
                "collapsable": undefined,
                "disabled": false,
                "ellipsizeMode": "tail",
                "style": Object {
                  "backgroundColor": "transparent",
                  "color": "rgba(146, 146, 146, 1)",
                  "fontSize": 10,
                  "marginBottom": 1.5,
                  "textAlign": "center",
                },
              },
              "type": "Text",
            },
          ],
          "props": Object {
            "accessibilityComponentType": undefined,
            "accessibilityLabel": undefined,
            "accessibilityTraits": undefined,
            "accessible": true,
            "collapsable": undefined,
            "hitSlop": undefined,
            "nativeID": undefined,
            "onLayout": undefined,
            "onResponderGrant": [Function],
            "onResponderMove": [Function],
            "onResponderRelease": [Function],
            "onResponderTerminate": [Function],
            "onResponderTerminationRequest": [Function],
            "onStartShouldSetResponder": [Function],
            "style": Object {
              "alignItems": "stretch",
              "backgroundColor": "rgba(0, 0, 0, 0)",
              "flex": 1,
              "justifyContent": "flex-end",
            },
            "testID": undefined,
          },
          "type": "View",
        },
      ],
      "props": Object {
        "collapsable": undefined,
        "style": Object {
          "backgroundColor": "#F7F7F7",
          "borderTopColor": "rgba(0, 0, 0, .3)",
          "borderTopWidth": 0.5,
          "flexDirection": "row",
          "height": 49,
        },
      },
      "type": "View",
    },
  ],
  "props": Object {
    "loaded": Array [
      0,
    ],
    "onLayout": [Function],
    "style": Array [
      Object {
        "flex": 1,
        "overflow": "hidden",
      },
      Object {
        "flex": 1,
      },
    ],
  },
  "type": "View",
}
`;
